../Core/Src/main.c:66:9:Decimal_to_BCD	16	static
../Core/Src/main.c:71:9:BCD_to_Decimal	16	static
../Core/Src/main.c:76:6:DS1307_SetTime	40	static
../Core/Src/main.c:93:6:DS1307_ReadTime	40	static
../Core/Src/main.c:118:5:main	40	static
../Core/Src/main.c:179:6:SystemClock_Config	88	static
../Core/Src/main.c:226:13:MX_I2C1_Init	8	static
../Core/Src/main.c:274:13:MX_USART2_UART_Init	8	static
../Core/Src/main.c:322:13:MX_GPIO_Init	16	static
../Core/Src/main.c:345:6:Error_Handler	4	static,ignoring_inline_asm
